// Jest Snapshot v1, https://goo.gl/fbAQLP

exports[`it matches snapshot 1`] = `
<DocumentFragment>
  <form>
    <label
      for="toDoInput"
    >
      Create New ToDo:
    </label>
    <input
      id="toDoInput"
      name="name"
      placeholder="ToDo"
      type="text"
      value=""
    />
    <button>
      Add to list
    </button>
  </form>
</DocumentFragment>
`;
