// Jest Snapshot v1, https://goo.gl/fbAQLP

exports[`it matches snapshot 1`] = `
<DocumentFragment>
  <div>
    <p>
       
      <button>
        X
      </button>
    </p>
  </div>
</DocumentFragment>
`;
