// Jest Snapshot v1, https://goo.gl/fbAQLP

exports[`it matches snapshot 1`] = `
<DocumentFragment>
  <div
    class="App"
  >
    <div>
      <div>
        <form
          data-testid="add-box-form"
        >
          <div>
            <label
              for="height"
            >
              Height
            </label>
            <input
              id="height"
              name="height"
              type="text"
              value=""
            />
          </div>
          <div>
            <label
              for="width"
            >
              Width
            </label>
            <input
              id="width"
              name="width"
              type="text"
              value=""
            />
          </div>
          <div>
            <label
              for="backgroundColor"
            >
              Background Color
            </label>
            <input
              id="backgroundColor"
              name="backgroundColor"
              type="text"
              value=""
            />
          </div>
          <button
            data-testid="add-box-button"
            id="newBoxButton"
          >
            Add a new box!
          </button>
        </form>
      </div>
    </div>
  </div>
</DocumentFragment>
`;
