// Jest Snapshot v1, https://goo.gl/fbAQLP

exports[`it matches snapshot 1`] = `
<DocumentFragment>
  <div>
    <div
      style="height: 10em; width: 10em; background-color: red;"
    />
    <button>
      X
    </button>
  </div>
</DocumentFragment>
`;
